mode: "0755"
path: /etc/kubernetes/kops-controller
type: directory
