mode: "0755"
path: /srv/kubernetes
type: directory
---
contents:
  task:
    Name: apiserver-aggregator
    signer: apiserver-aggregator-ca
    subject:
      CommonName: aggregator
    type: client
mode: "0644"
path: /srv/kubernetes/apiserver-aggregator-ca.crt
type: file
---
contents:
  task:
    Name: apiserver-aggregator
    signer: apiserver-aggregator-ca
    subject:
      CommonName: aggregator
    type: client
mode: "0644"
path: /srv/kubernetes/apiserver-aggregator.crt
type: file
---
contents:
  task:
    Name: apiserver-aggregator
    signer: apiserver-aggregator-ca
    subject:
      CommonName: aggregator
    type: client
mode: "0600"
path: /srv/kubernetes/apiserver-aggregator.key
type: file
---
contents: |
  -----BEGIN CERTIFICATE-----
  MIIC2DCCAcCgAwIBAgIRALJXAkVj964tq67wMSI8oJQwDQYJKoZIhvcNAQELBQAw
  FTETMBEGA1UEAxMKa3ViZXJuZXRlczAeFw0xNzEyMjcyMzUyNDBaFw0yNzEyMjcy
  MzUyNDBaMBUxEzARBgNVBAMTCmt1YmVybmV0ZXMwggEiMA0GCSqGSIb3DQEBAQUA
  A4IBDwAwggEKAoIBAQDgnCkSmtnmfxEgS3qNPaUCH5QOBGDH/inHbWCODLBCK9gd
  XEcBl7FVv8T2kFr1DYb0HVDtMI7tixRVFDLgkwNlW34xwWdZXB7GeoFgU1xWOQSY
  OACC8JgYTQ/139HBEvgq4sej67p+/s/SNcw34Kk7HIuFhlk1rRk5kMexKIlJBKP1
  YYUYetsJ/QpUOkqJ5HW4GoetE76YtHnORfYvnybviSMrh2wGGaN6r/s4ChOaIbZC
  An8/YiPKGIDaZGpj6GXnmXARRX/TIdgSQkLwt0aTDBnPZ4XvtpI8aaL8DYJIqAzA
  NPH2b4/uNylat5jDo0b0G54agMi97+2AUrC9UUXpAgMBAAGjIzAhMA4GA1UdDwEB
  /wQEAwIBBjAPBgNVHRMBAf8EBTADAQH/MA0GCSqGSIb3DQEBCwUAA4IBAQBVGR2r
  hzXzRMU5wriPQAJScszNORvoBpXfZoZ09FIupudFxBVU3d4hV9StKnQgPSGA5XQO
  HE97+BxJDuA/rB5oBUsMBjc7y1cde/T6hmi3rLoEYBSnSudCOXJE4G9/0f8byAJe
  rN8+No1r2VgZvZh6p74TEkXv/l3HBPWM7IdUV0HO9JDhSgOVF1fyQKJxRuLJR8jt
  O6mPH2UX0vMwVa4jvwtkddqk2OAdYQvH9rbDjjbzaiW0KnmdueRo92KHAN7BsDZy
  VpXHpqo1Kzg7D3fpaXCf5si7lqqrdJVXH4JC72zxsPehqgi8eIuqOBkiDWmRxAxh
  8yGeRx9AbknHh4Ia
  -----END CERTIFICATE-----
mode: "0600"
path: /srv/kubernetes/ca.crt
type: file
---
contents:
  task:
    Name: master
    alternateNames:
    - kubernetes
    - kubernetes.default
    - kubernetes.default.svc
    - kubernetes.default.svc.cluster.local
    - api.minimal.example.com
    - api.internal.minimal.example.com
    - 100.64.0.1
    - 127.0.0.1
    includeRootCertificate: true
    signer: ca
    subject:
      CommonName: kubernetes-master
    type: server
mode: "0644"
path: /srv/kubernetes/server.crt
type: file
---
contents:
  task:
    Name: master
    alternateNames:
    - kubernetes
    - kubernetes.default
    - kubernetes.default.svc
    - kubernetes.default.svc.cluster.local
    - api.minimal.example.com
    - api.internal.minimal.example.com
    - 100.64.0.1
    - 127.0.0.1
    includeRootCertificate: true
    signer: ca
    subject:
      CommonName: kubernetes-master
    type: server
mode: "0600"
path: /srv/kubernetes/server.key
type: file
---
contents: |
  -----BEGIN RSA PRIVATE KEY-----
  MIIEpAIBAAKCAQEA4JwpEprZ5n8RIEt6jT2lAh+UDgRgx/4px21gjgywQivYHVxH
  AZexVb/E9pBa9Q2G9B1Q7TCO7YsUVRQy4JMDZVt+McFnWVwexnqBYFNcVjkEmDgA
  gvCYGE0P9d/RwRL4KuLHo+u6fv7P0jXMN+CpOxyLhYZZNa0ZOZDHsSiJSQSj9WGF
  GHrbCf0KVDpKieR1uBqHrRO+mLR5zkX2L58m74kjK4dsBhmjeq/7OAoTmiG2QgJ/
  P2IjyhiA2mRqY+hl55lwEUV/0yHYEkJC8LdGkwwZz2eF77aSPGmi/A2CSKgMwDTx
  9m+P7jcpWreYw6NG9BueGoDIve/tgFKwvVFF6QIDAQABAoIBAA0ktjaTfyrAxsTI
  Bezb7Zr5NBW55dvuII299cd6MJo+rI/TRYhvUv48kY8IFXp/hyUjzgeDLunxmIf9
  /Zgsoic9Ol44/g45mMduhcGYPzAAeCdcJ5OB9rR9VfDCXyjYLlN8H8iU0734tTqM
  0V13tQ9zdSqkGPZOIcq/kR/pylbOZaQMe97BTlsAnOMSMKDgnftY4122Lq3GYy+t
  vpr+bKVaQZwvkLoSU3rECCaKaghgwCyX7jft9aEkhdJv+KlwbsGY6WErvxOaLWHd
  cuMQjGapY1Fa/4UD00mvrA260NyKfzrp6+P46RrVMwEYRJMIQ8YBAk6N6Hh7dc0G
  8Z6i1m0CgYEA9HeCJR0TSwbIQ1bDXUrzpftHuidG5BnSBtax/ND9qIPhR/FBW5nj
  22nwLc48KkyirlfIULd0ae4qVXJn7wfYcuX/cJMLDmSVtlM5Dzmi/91xRiFgIzx1
  AsbBzaFjISP2HpSgL+e9FtSXaaqeZVrflitVhYKUpI/AKV31qGHf04sCgYEA6zTV
  99Sb49Wdlns5IgsfnXl6ToRttB18lfEKcVfjAM4frnkk06JpFAZeR+9GGKUXZHqs
  z2qcplw4d/moCC6p3rYPBMLXsrGNEUFZqBlgz72QA6BBq3X0Cg1Bc2ZbK5VIzwkg
  ST2SSux6ccROfgULmN5ZiLOtdUKNEZpFF3i3qtsCgYADT/s7dYFlatobz3kmMnXK
  sfTu2MllHdRys0YGHu7Q8biDuQkhrJwhxPW0KS83g4JQym+0aEfzh36bWcl+u6R7
  KhKj+9oSf9pndgk345gJz35RbPJYh+EuAHNvzdgCAvK6x1jETWeKf6btj5pF1U1i
  Q4QNIw/QiwIXjWZeubTGsQKBgQCbduLu2rLnlyyAaJZM8DlHZyH2gAXbBZpxqU8T
  t9mtkJDUS/KRiEoYGFV9CqS0aXrayVMsDfXY6B/S/UuZjO5u7LtklDzqOf1aKG3Q
  dGXPKibknqqJYH+bnUNjuYYNerETV57lijMGHuSYCf8vwLn3oxBfERRX61M/DU8Z
  worz/QKBgQDCTJI2+jdXg26XuYUmM4XXfnocfzAXhXBULt1nENcogNf1fcptAVtu
  BAiz4/HipQKqoWVUYmxfgbbLRKKLK0s0lOWKbYdVjhEm/m2ZU8wtXTagNwkIGoyq
  Y/C1Lox4f1ROJnCjc/hfcOjcxX5M8A8peecHWlVtUPKTJgxQ7oMKcw==
  -----END RSA PRIVATE KEY-----
mode: "0600"
path: /srv/kubernetes/service-account.key
type: file
---
Name: apiserver-aggregator
signer: apiserver-aggregator-ca
subject:
  CommonName: aggregator
type: client
---
Name: master
alternateNames:
- kubernetes
- kubernetes.default
- kubernetes.default.svc
- kubernetes.default.svc.cluster.local
- api.minimal.example.com
- api.internal.minimal.example.com
- 100.64.0.1
- 127.0.0.1
includeRootCertificate: true
signer: ca
subject:
  CommonName: kubernetes-master
type: server
